// Jest Snapshot v1, https://goo.gl/fbAQLP

exports[`Breakpoint steps match 1`] = `
Array [
  7,
  46,
  66,
  86,
]
`;

exports[`Breakpoint steps match 2`] = `
Array [
  6,
  20,
]
`;

exports[`Breakpoint steps match 3`] = `
Array [
  46,
]
`;

exports[`Breakpoint steps match 4`] = `
Array [
  46,
  152,
  332,
  364,
  544,
  724,
  756,
  788,
  968,
  1148,
  1180,
  1360,
  1540,
  1572,
  1604,
  1636,
]
`;

exports[`Changepoint steps match 1`] = `
Array [
  1,
  5,
  6,
  14,
  15,
  19,
  20,
  24,
  38,
  39,
  46,
  58,
  59,
  66,
  78,
  79,
  86,
  98,
]
`;

exports[`Changepoint steps match 2`] = `
Array [
  1,
  5,
  10,
  11,
  19,
  20,
]
`;

exports[`Changepoint steps match 3`] = `
Array [
  1,
  6,
  8,
  9,
  13,
  14,
  20,
  32,
  33,
  45,
  52,
  53,
  54,
  55,
  58,
  59,
  68,
  69,
]
`;

exports[`Changepoint steps match 4`] = `
Array [
  1,
  6,
  8,
  9,
  13,
  14,
  20,
  32,
  33,
  45,
  52,
  53,
  54,
  55,
  58,
  59,
  65,
  77,
  83,
  85,
  91,
  92,
  98,
  110,
  122,
  123,
  139,
  149,
  150,
  151,
  158,
  159,
  160,
  161,
  166,
  171,
  183,
  189,
  191,
  197,
  198,
  204,
  216,
  228,
  229,
  245,
  257,
  263,
  265,
  271,
  272,
  278,
  290,
  302,
  303,
  319,
  329,
  330,
  331,
  338,
  339,
  340,
  341,
  346,
  351,
  361,
  362,
  363,
  370,
  371,
  372,
  373,
  378,
  383,
  395,
  401,
  403,
  409,
  410,
  416,
  428,
  440,
  441,
  457,
  469,
  475,
  477,
  483,
  484,
  490,
  502,
  514,
  515,
  531,
  541,
  542,
  543,
  550,
  551,
  552,
  553,
  558,
  563,
  575,
  581,
  583,
  589,
  590,
  596,
  608,
  620,
  621,
  637,
  649,
  655,
  657,
  663,
  664,
  670,
  682,
  694,
  695,
  711,
  721,
  722,
  723,
  730,
  731,
  732,
  733,
  738,
  743,
  753,
  754,
  755,
  762,
  763,
  764,
  765,
  770,
  775,
  785,
  786,
  787,
  794,
  795,
  796,
  797,
  802,
  807,
  819,
  825,
  827,
  833,
  834,
  840,
  852,
  864,
  865,
  881,
  893,
  899,
  901,
  907,
  908,
  914,
  926,
  938,
  939,
  955,
  965,
  966,
  967,
  974,
  975,
  976,
  977,
  982,
  987,
  999,
  1005,
  1007,
  1013,
  1014,
  1020,
  1032,
  1044,
  1045,
  1061,
  1073,
  1079,
  1081,
  1087,
  1088,
  1094,
  1106,
  1118,
  1119,
  1135,
  1145,
  1146,
  1147,
  1154,
  1155,
  1156,
  1157,
  1162,
  1167,
  1177,
  1178,
  1179,
  1186,
  1187,
  1188,
  1189,
  1194,
  1199,
  1211,
  1217,
  1219,
  1225,
  1226,
  1232,
  1244,
  1256,
  1257,
  1273,
  1285,
  1291,
  1293,
  1299,
  1300,
  1306,
  1318,
  1330,
  1331,
  1347,
  1357,
  1358,
  1359,
  1366,
  1367,
  1368,
  1369,
  1374,
  1379,
  1391,
  1397,
  1399,
  1405,
  1406,
  1412,
  1424,
  1436,
  1437,
  1453,
  1465,
  1471,
  1473,
  1479,
  1480,
  1486,
  1498,
  1510,
  1511,
  1527,
  1537,
  1538,
  1539,
  1546,
  1547,
  1548,
  1549,
  1554,
  1559,
  1569,
  1570,
  1571,
  1578,
  1579,
  1580,
  1581,
  1586,
  1591,
  1601,
  1602,
  1603,
  1610,
  1611,
  1612,
  1613,
  1618,
  1623,
  1633,
  1634,
  1635,
  1642,
  1643,
  1644,
  1645,
  1650,
  1655,
  1665,
]
`;
