// Jest Snapshot v1, https://goo.gl/fbAQLP

exports[`basic call/cc works: expectResult 1`] = `
Object {
  "alertResult": Array [],
  "code": "
    (+ 1 2 (call/cc
              (lambda (k) (k 3)))
            4)
  ",
  "displayResult": Array [],
  "numErrors": 0,
  "parsedErrors": "",
  "result": SchemeInteger {
    "numberType": 1,
    "value": 10n,
  },
  "resultStatus": "finished",
  "visualiseListResult": Array [],
}
`;

exports[`call/cc can be stored as a value: expectResult 1`] = `
Object {
  "alertResult": Array [],
  "code": "
    ;; storing a continuation
    (define a #f)

    (+ 1 2 3 (call/cc (lambda (k) (set! a k) 0)) 4 5)

    ;; continuations are treated as functions
    ;; so we can do this:
    (procedure? a)
    ",
  "displayResult": Array [],
  "numErrors": 0,
  "parsedErrors": "",
  "result": true,
  "resultStatus": "finished",
  "visualiseListResult": Array [],
}
`;

exports[`call/cc can be used to escape a computation: expectResult 1`] = `
Object {
  "alertResult": Array [],
  "code": "
    (define test 1)
    (call/cc (lambda (k)
                (set! test 2)
                (k 'escaped)
                (set! test 3)))
    ;; test should be 2
    test
  ",
  "displayResult": Array [],
  "numErrors": 0,
  "parsedErrors": "",
  "result": SchemeInteger {
    "numberType": 1,
    "value": 2n,
  },
  "resultStatus": "finished",
  "visualiseListResult": Array [],
}
`;

exports[`call/cc throws error given >1 argument: expectParsedError 1`] = `
Object {
  "alertResult": Array [],
  "code": "
    (+ 1 2 (call/cc
              (lambda (k) (k 3))
              'wrongwrongwrong!)
            4)
  ",
  "displayResult": Array [],
  "numErrors": 1,
  "parsedErrors": "Line 2: Expected 1 arguments, but got 2.",
  "result": undefined,
  "resultStatus": "error",
  "visualiseListResult": Array [],
}
`;

exports[`call/cc throws error given no arguments: expectParsedError 1`] = `
Object {
  "alertResult": Array [],
  "code": "
    (+ 1 2 (call/cc) 4)
  ",
  "displayResult": Array [],
  "numErrors": 1,
  "parsedErrors": "Line 2: Expected 1 arguments, but got 0.",
  "result": undefined,
  "resultStatus": "error",
  "visualiseListResult": Array [],
}
`;
