// Jest Snapshot v1, https://goo.gl/fbAQLP

exports[`display can be used to display (escaped) strings: expectDisplayResult 1`] = `
Object {
  "alertResult": Array [],
  "code": "display(\\"Tom's assisstant said: \\\\\\"tuna.\\\\\\"\\");",
  "displayResult": Array [
    "\\"Tom's assisstant said: \\\\\\"tuna.\\\\\\"\\"",
  ],
  "errors": Array [],
  "parsedErrors": "",
  "result": "Tom's assisstant said: \\"tuna.\\"",
  "resultStatus": "finished",
  "transpiled": "const native = $$NATIVE_STORAGE;
const boolOrErr = native.operators.get(\\"itselfIfBooleanElseError\\");
const callIfFuncAndRightArgs = native.operators.get(\\"callIfFunctionAndRightArgumentsElseError\\");
const wrap = native.properTailCalls.wrap;
const unaryOp = native.operators.get(\\"evaluateUnaryExpressionIfValidElseError\\");
const binaryOp = native.operators.get(\\"evaluateBinaryExpressionIfValidElseError\\");
const throwIfTimeout = native.operators.get(\\"throwIfExceedsTimeLimit\\");
(( <globals redacted> ) => {
  return (() => {
    const lastStatementResult = eval(\\"callIfFuncAndRightArgs(display, 1, 0, \\\\\\"Tom's assisstant said: \\\\\\\\\\\\\\"tuna.\\\\\\\\\\\\\\"\\\\\\");\\");
    return lastStatementResult;
  })();
})();
",
  "visualiseListResult": Array [],
}
`;

exports[`display can be used to display arrays: expectDisplayResult 1`] = `
Object {
  "alertResult": Array [],
  "code": "display([1, 2, [4, 5]]);",
  "displayResult": Array [
    "[1, 2, [4, 5]]",
  ],
  "errors": Array [],
  "parsedErrors": "",
  "result": Array [
    1,
    2,
    Array [
      4,
      5,
    ],
  ],
  "resultStatus": "finished",
  "transpiled": "const native = $$NATIVE_STORAGE;
const boolOrErr = native.operators.get(\\"itselfIfBooleanElseError\\");
const callIfFuncAndRightArgs = native.operators.get(\\"callIfFunctionAndRightArgumentsElseError\\");
const wrap = native.properTailCalls.wrap;
const unaryOp = native.operators.get(\\"evaluateUnaryExpressionIfValidElseError\\");
const binaryOp = native.operators.get(\\"evaluateBinaryExpressionIfValidElseError\\");
const throwIfTimeout = native.operators.get(\\"throwIfExceedsTimeLimit\\");
(( <globals redacted> ) => {
  return (() => {
    const lastStatementResult = eval(\\"callIfFuncAndRightArgs(display, 1, 0, [1, 2, [4, 5]]);\\");
    return lastStatementResult;
  })();
})();
",
  "visualiseListResult": Array [],
}
`;

exports[`display can be used to display functions: expectDisplayResult 1`] = `
Object {
  "alertResult": Array [],
  "code": "display(x => x); display((x, y) => x + y);",
  "displayResult": Array [
    "x => x",
    "(x, y) => x + y",
  ],
  "errors": Array [],
  "parsedErrors": "",
  "result": [Function],
  "resultStatus": "finished",
  "visualiseListResult": Array [],
}
`;

exports[`display can be used to display funny numbers: expectDisplayResult 1`] = `
Object {
  "alertResult": Array [],
  "code": "display(1e38); display(NaN); display(Infinity);",
  "displayResult": Array [
    "1e+38",
    "NaN",
    "Infinity",
  ],
  "errors": Array [],
  "parsedErrors": "",
  "result": Infinity,
  "resultStatus": "finished",
  "transpiled": "const native = $$NATIVE_STORAGE;
const boolOrErr = native.operators.get(\\"itselfIfBooleanElseError\\");
const callIfFuncAndRightArgs = native.operators.get(\\"callIfFunctionAndRightArgumentsElseError\\");
const wrap = native.properTailCalls.wrap;
const unaryOp = native.operators.get(\\"evaluateUnaryExpressionIfValidElseError\\");
const binaryOp = native.operators.get(\\"evaluateBinaryExpressionIfValidElseError\\");
const throwIfTimeout = native.operators.get(\\"throwIfExceedsTimeLimit\\");
(( <globals redacted> ) => {
  return (() => {
    callIfFuncAndRightArgs(display, 1, 0, 1e38);
    callIfFuncAndRightArgs(display, 1, 15, NaN);
    const lastStatementResult = eval(\\"callIfFuncAndRightArgs(display, 1, 29, Infinity);\\");
    return lastStatementResult;
  })();
})();
",
  "visualiseListResult": Array [],
}
`;

exports[`display can be used to display lists: expectDisplayResult 1`] = `
Object {
  "alertResult": Array [],
  "code": "display(list(1, 2));",
  "displayResult": Array [
    "[1, [2, null]]",
  ],
  "errors": Array [],
  "parsedErrors": "",
  "result": Array [
    1,
    Array [
      2,
      null,
    ],
  ],
  "resultStatus": "finished",
  "transpiled": "const native = $$NATIVE_STORAGE;
const boolOrErr = native.operators.get(\\"itselfIfBooleanElseError\\");
const callIfFuncAndRightArgs = native.operators.get(\\"callIfFunctionAndRightArgumentsElseError\\");
const wrap = native.properTailCalls.wrap;
const unaryOp = native.operators.get(\\"evaluateUnaryExpressionIfValidElseError\\");
const binaryOp = native.operators.get(\\"evaluateBinaryExpressionIfValidElseError\\");
const throwIfTimeout = native.operators.get(\\"throwIfExceedsTimeLimit\\");
(( <globals redacted> ) => {
  return (() => {
    const lastStatementResult = eval(\\"callIfFuncAndRightArgs(display, 1, 0, callIfFuncAndRightArgs(list, 1, 8, 1, 2));\\");
    return lastStatementResult;
  })();
})();
",
  "visualiseListResult": Array [],
}
`;

exports[`display can be used to display numbers: expectDisplayResult 1`] = `
Object {
  "alertResult": Array [],
  "code": "display(0);",
  "displayResult": Array [
    "0",
  ],
  "errors": Array [],
  "parsedErrors": "",
  "result": 0,
  "resultStatus": "finished",
  "transpiled": "const native = $$NATIVE_STORAGE;
const boolOrErr = native.operators.get(\\"itselfIfBooleanElseError\\");
const callIfFuncAndRightArgs = native.operators.get(\\"callIfFunctionAndRightArgumentsElseError\\");
const wrap = native.properTailCalls.wrap;
const unaryOp = native.operators.get(\\"evaluateUnaryExpressionIfValidElseError\\");
const binaryOp = native.operators.get(\\"evaluateBinaryExpressionIfValidElseError\\");
const throwIfTimeout = native.operators.get(\\"throwIfExceedsTimeLimit\\");
(( <globals redacted> ) => {
  return (() => {
    const lastStatementResult = eval(\\"callIfFuncAndRightArgs(display, 1, 0, 0);\\");
    return lastStatementResult;
  })();
})();
",
  "visualiseListResult": Array [],
}
`;

exports[`display can be used to display objects: expectDisplayResult 1`] = `
Object {
  "alertResult": Array [],
  "code": "display({a: 1, b: 2, c: {d: 3}});",
  "displayResult": Array [
    "{\\"a\\": 1, \\"b\\": 2, \\"c\\": {\\"d\\": 3}}",
  ],
  "errors": Array [],
  "parsedErrors": "",
  "result": Object {
    "a": 1,
    "b": 2,
    "c": Object {
      "d": 3,
    },
  },
  "resultStatus": "finished",
  "visualiseListResult": Array [],
}
`;

exports[`raw_display can be used to display (unescaped) strings directly: expectDisplayResult 1`] = `
Object {
  "alertResult": Array [],
  "code": "raw_display(\\"Tom's assisstant said: \\\\\\"tuna.\\\\\\"\\");",
  "displayResult": Array [
    "Tom's assisstant said: \\"tuna.\\"",
  ],
  "errors": Array [],
  "parsedErrors": "",
  "result": "Tom's assisstant said: \\"tuna.\\"",
  "resultStatus": "finished",
  "transpiled": "const native = $$NATIVE_STORAGE;
const boolOrErr = native.operators.get(\\"itselfIfBooleanElseError\\");
const callIfFuncAndRightArgs = native.operators.get(\\"callIfFunctionAndRightArgumentsElseError\\");
const wrap = native.properTailCalls.wrap;
const unaryOp = native.operators.get(\\"evaluateUnaryExpressionIfValidElseError\\");
const binaryOp = native.operators.get(\\"evaluateBinaryExpressionIfValidElseError\\");
const throwIfTimeout = native.operators.get(\\"throwIfExceedsTimeLimit\\");
(( <globals redacted> ) => {
  return (() => {
    const lastStatementResult = eval(\\"callIfFuncAndRightArgs(raw_display, 1, 0, \\\\\\"Tom's assisstant said: \\\\\\\\\\\\\\"tuna.\\\\\\\\\\\\\\"\\\\\\");\\");
    return lastStatementResult;
  })();
})();
",
  "visualiseListResult": Array [],
}
`;
