// Jest Snapshot v1, https://goo.gl/fbAQLP

exports[`Parse an arrow function 1`] = `
Array [
  Object {
    "body": Object {
      "expression": Object {
        "line": 0,
        "operands": Array [
          Object {
            "line": 0,
            "name": "x",
            "tag": "name",
          },
          Array [
            1,
            Array [],
          ],
        ],
        "operator": Object {
          "line": 0,
          "name": "+",
          "tag": "name",
        },
        "tag": "application",
      },
      "line": 0,
      "tag": "return_statement",
    },
    "line": 0,
    "location": Object {
      "end_col": 0,
      "end_line": 1,
      "start_col": 0,
      "start_line": 1,
    },
    "parameters": Array [
      Object {
        "line": 0,
        "name": "x",
        "tag": "name",
      },
      Array [],
    ],
    "tag": "function_definition",
  },
  Array [],
]
`;

exports[`Parse arrow function assignment 1`] = `
Array [
  Object {
    "line": 0,
    "name": "y",
    "tag": "constant_declaration",
    "value": Object {
      "body": Object {
        "expression": Object {
          "line": 0,
          "operands": Array [
            Object {
              "line": 0,
              "name": "x",
              "tag": "name",
            },
            Array [
              1,
              Array [],
            ],
          ],
          "operator": Object {
            "line": 0,
            "name": "+",
            "tag": "name",
          },
          "tag": "application",
        },
        "line": 0,
        "tag": "return_statement",
      },
      "line": 0,
      "location": Object {
        "end_col": 10,
        "end_line": 1,
        "start_col": 10,
        "start_line": 1,
      },
      "parameters": Array [
        Object {
          "line": 0,
          "name": "x",
          "tag": "name",
        },
        Array [],
      ],
      "tag": "function_definition",
    },
  },
  Array [],
]
`;
