// Jest Snapshot v1, https://goo.gl/fbAQLP

exports[`Builtins work as expected 0: expectResult 1`] = `
Object {
  "alertResult": Array [],
  "code": "display('message');",
  "displayResult": Array [
    "\\"message\\"",
  ],
  "errors": Array [],
  "parsedErrors": "",
  "result": "message",
  "resultStatus": "finished",
  "visualiseListResult": Array [],
}
`;

exports[`Builtins work as expected 1: fails 1`] = `
Object {
  "alertResult": Array [],
  "code": "error('error!');",
  "displayResult": Array [],
  "errors": Array [
    ExceptionError {
      "error": [Error: "error!"],
      "location": SourceLocation {
        "end": Position {
          "column": 15,
          "line": 1,
        },
        "start": Position {
          "column": 0,
          "line": 1,
        },
      },
      "severity": "Error",
      "type": "Runtime",
    },
  ],
  "parsedErrors": "Line 1: Error: \\"error!\\"",
  "result": undefined,
  "resultStatus": "error",
  "visualiseListResult": Array [],
}
`;

exports[`Builtins work as expected 2: expectResult 1`] = `
Object {
  "alertResult": Array [],
  "code": "is_undefined(undefined);",
  "displayResult": Array [],
  "errors": Array [],
  "parsedErrors": "",
  "result": true,
  "resultStatus": "finished",
  "visualiseListResult": Array [],
}
`;

exports[`Builtins work as expected 3: expectResult 1`] = `
Object {
  "alertResult": Array [],
  "code": "is_undefined(null);",
  "displayResult": Array [],
  "errors": Array [],
  "parsedErrors": "",
  "result": false,
  "resultStatus": "finished",
  "visualiseListResult": Array [],
}
`;

exports[`Builtins work as expected 4: expectResult 1`] = `
Object {
  "alertResult": Array [],
  "code": "is_null(undefined);",
  "displayResult": Array [],
  "errors": Array [],
  "parsedErrors": "",
  "result": false,
  "resultStatus": "finished",
  "visualiseListResult": Array [],
}
`;

exports[`Builtins work as expected 5: expectResult 1`] = `
Object {
  "alertResult": Array [],
  "code": "is_null(null);",
  "displayResult": Array [],
  "errors": Array [],
  "parsedErrors": "",
  "result": true,
  "resultStatus": "finished",
  "visualiseListResult": Array [],
}
`;

exports[`Builtins work as expected 6: expectResult 1`] = `
Object {
  "alertResult": Array [],
  "code": "is_string('string');",
  "displayResult": Array [],
  "errors": Array [],
  "parsedErrors": "",
  "result": true,
  "resultStatus": "finished",
  "visualiseListResult": Array [],
}
`;

exports[`Builtins work as expected 7: expectResult 1`] = `
Object {
  "alertResult": Array [],
  "code": "is_string('true');",
  "displayResult": Array [],
  "errors": Array [],
  "parsedErrors": "",
  "result": true,
  "resultStatus": "finished",
  "visualiseListResult": Array [],
}
`;

exports[`Builtins work as expected 8: expectResult 1`] = `
Object {
  "alertResult": Array [],
  "code": "is_string('1');",
  "displayResult": Array [],
  "errors": Array [],
  "parsedErrors": "",
  "result": true,
  "resultStatus": "finished",
  "visualiseListResult": Array [],
}
`;

exports[`Builtins work as expected 9: expectResult 1`] = `
Object {
  "alertResult": Array [],
  "code": "is_string(true);",
  "displayResult": Array [],
  "errors": Array [],
  "parsedErrors": "",
  "result": false,
  "resultStatus": "finished",
  "visualiseListResult": Array [],
}
`;

exports[`Builtins work as expected 10: expectResult 1`] = `
Object {
  "alertResult": Array [],
  "code": "is_string(1);",
  "displayResult": Array [],
  "errors": Array [],
  "parsedErrors": "",
  "result": false,
  "resultStatus": "finished",
  "visualiseListResult": Array [],
}
`;

exports[`Builtins work as expected 11: expectResult 1`] = `
Object {
  "alertResult": Array [],
  "code": "is_number('string');",
  "displayResult": Array [],
  "errors": Array [],
  "parsedErrors": "",
  "result": false,
  "resultStatus": "finished",
  "visualiseListResult": Array [],
}
`;

exports[`Builtins work as expected 12: expectResult 1`] = `
Object {
  "alertResult": Array [],
  "code": "is_number('true');",
  "displayResult": Array [],
  "errors": Array [],
  "parsedErrors": "",
  "result": false,
  "resultStatus": "finished",
  "visualiseListResult": Array [],
}
`;

exports[`Builtins work as expected 13: expectResult 1`] = `
Object {
  "alertResult": Array [],
  "code": "is_number('1');",
  "displayResult": Array [],
  "errors": Array [],
  "parsedErrors": "",
  "result": false,
  "resultStatus": "finished",
  "visualiseListResult": Array [],
}
`;

exports[`Builtins work as expected 14: expectResult 1`] = `
Object {
  "alertResult": Array [],
  "code": "is_number(true);",
  "displayResult": Array [],
  "errors": Array [],
  "parsedErrors": "",
  "result": false,
  "resultStatus": "finished",
  "visualiseListResult": Array [],
}
`;

exports[`Builtins work as expected 15: expectResult 1`] = `
Object {
  "alertResult": Array [],
  "code": "is_number(1);",
  "displayResult": Array [],
  "errors": Array [],
  "parsedErrors": "",
  "result": true,
  "resultStatus": "finished",
  "visualiseListResult": Array [],
}
`;

exports[`Builtins work as expected 16: expectResult 1`] = `
Object {
  "alertResult": Array [],
  "code": "is_boolean('string');",
  "displayResult": Array [],
  "errors": Array [],
  "parsedErrors": "",
  "result": false,
  "resultStatus": "finished",
  "visualiseListResult": Array [],
}
`;

exports[`Builtins work as expected 17: expectResult 1`] = `
Object {
  "alertResult": Array [],
  "code": "is_boolean('true');",
  "displayResult": Array [],
  "errors": Array [],
  "parsedErrors": "",
  "result": false,
  "resultStatus": "finished",
  "visualiseListResult": Array [],
}
`;

exports[`Builtins work as expected 18: expectResult 1`] = `
Object {
  "alertResult": Array [],
  "code": "is_boolean('1');",
  "displayResult": Array [],
  "errors": Array [],
  "parsedErrors": "",
  "result": false,
  "resultStatus": "finished",
  "visualiseListResult": Array [],
}
`;

exports[`Builtins work as expected 19: expectResult 1`] = `
Object {
  "alertResult": Array [],
  "code": "is_boolean(true);",
  "displayResult": Array [],
  "errors": Array [],
  "parsedErrors": "",
  "result": true,
  "resultStatus": "finished",
  "visualiseListResult": Array [],
}
`;

exports[`Builtins work as expected 20: expectResult 1`] = `
Object {
  "alertResult": Array [],
  "code": "is_boolean(1);",
  "displayResult": Array [],
  "errors": Array [],
  "parsedErrors": "",
  "result": false,
  "resultStatus": "finished",
  "visualiseListResult": Array [],
}
`;

exports[`Builtins work as expected 21: expectResult 1`] = `
Object {
  "alertResult": Array [],
  "code": "is_function(display);",
  "displayResult": Array [],
  "errors": Array [],
  "parsedErrors": "",
  "result": true,
  "resultStatus": "finished",
  "visualiseListResult": Array [],
}
`;

exports[`Builtins work as expected 22: expectResult 1`] = `
Object {
  "alertResult": Array [],
  "code": "is_function(x => x);",
  "displayResult": Array [],
  "errors": Array [],
  "parsedErrors": "",
  "result": true,
  "resultStatus": "finished",
  "visualiseListResult": Array [],
}
`;

exports[`Builtins work as expected 23: expectResult 1`] = `
Object {
  "alertResult": Array [],
  "code": "function f(x) {
  return x;
}
is_function(f);",
  "displayResult": Array [],
  "errors": Array [],
  "parsedErrors": "",
  "result": true,
  "resultStatus": "finished",
  "visualiseListResult": Array [],
}
`;

exports[`Builtins work as expected 24: expectResult 1`] = `
Object {
  "alertResult": Array [],
  "code": "is_function(1);",
  "displayResult": Array [],
  "errors": Array [],
  "parsedErrors": "",
  "result": false,
  "resultStatus": "finished",
  "visualiseListResult": Array [],
}
`;

exports[`Builtins work as expected 25: expectResult 1`] = `
Object {
  "alertResult": Array [],
  "code": "is_array(1);",
  "displayResult": Array [],
  "errors": Array [],
  "parsedErrors": "",
  "result": false,
  "resultStatus": "finished",
  "visualiseListResult": Array [],
}
`;

exports[`Builtins work as expected 26: expectResult 1`] = `
Object {
  "alertResult": Array [],
  "code": "is_array(pair(1, 2));",
  "displayResult": Array [],
  "errors": Array [],
  "parsedErrors": "",
  "result": true,
  "resultStatus": "finished",
  "visualiseListResult": Array [],
}
`;

exports[`Builtins work as expected 27: expectResult 1`] = `
Object {
  "alertResult": Array [],
  "code": "is_array([1]);",
  "displayResult": Array [],
  "errors": Array [],
  "parsedErrors": "",
  "result": true,
  "resultStatus": "finished",
  "visualiseListResult": Array [],
}
`;

exports[`Builtins work as expected 28: expectResult 1`] = `
Object {
  "alertResult": Array [],
  "code": "is_object(1);",
  "displayResult": Array [],
  "errors": Array [],
  "parsedErrors": "",
  "result": false,
  "resultStatus": "finished",
  "visualiseListResult": Array [],
}
`;

exports[`Builtins work as expected 29: expectResult 1`] = `
Object {
  "alertResult": Array [],
  "code": "is_object(pair(1, 2));",
  "displayResult": Array [],
  "errors": Array [],
  "parsedErrors": "",
  "result": true,
  "resultStatus": "finished",
  "visualiseListResult": Array [],
}
`;

exports[`Builtins work as expected 30: expectResult 1`] = `
Object {
  "alertResult": Array [],
  "code": "is_object([1]);",
  "displayResult": Array [],
  "errors": Array [],
  "parsedErrors": "",
  "result": true,
  "resultStatus": "finished",
  "visualiseListResult": Array [],
}
`;

exports[`Builtins work as expected 31: expectResult 1`] = `
Object {
  "alertResult": Array [],
  "code": "is_object({});",
  "displayResult": Array [],
  "errors": Array [],
  "parsedErrors": "",
  "result": true,
  "resultStatus": "finished",
  "visualiseListResult": Array [],
}
`;

exports[`Builtins work as expected 32: expectResult 1`] = `
Object {
  "alertResult": Array [],
  "code": "is_object({a: 1});",
  "displayResult": Array [],
  "errors": Array [],
  "parsedErrors": "",
  "result": true,
  "resultStatus": "finished",
  "visualiseListResult": Array [],
}
`;

exports[`Builtins work as expected 33: expectResult 1`] = `
Object {
  "alertResult": Array [],
  "code": "is_object(x => x);",
  "displayResult": Array [],
  "errors": Array [],
  "parsedErrors": "",
  "result": true,
  "resultStatus": "finished",
  "visualiseListResult": Array [],
}
`;

exports[`Builtins work as expected 34: expectResult 1`] = `
Object {
  "alertResult": Array [],
  "code": "is_object(display);",
  "displayResult": Array [],
  "errors": Array [],
  "parsedErrors": "",
  "result": true,
  "resultStatus": "finished",
  "visualiseListResult": Array [],
}
`;

exports[`Builtins work as expected 35: expectResult 1`] = `
Object {
  "alertResult": Array [],
  "code": "is_object(1);",
  "displayResult": Array [],
  "errors": Array [],
  "parsedErrors": "",
  "result": false,
  "resultStatus": "finished",
  "visualiseListResult": Array [],
}
`;

exports[`Builtins work as expected 36: expectResult 1`] = `
Object {
  "alertResult": Array [],
  "code": "is_object('string');",
  "displayResult": Array [],
  "errors": Array [],
  "parsedErrors": "",
  "result": false,
  "resultStatus": "finished",
  "visualiseListResult": Array [],
}
`;

exports[`Builtins work as expected 37: expectResult 1`] = `
Object {
  "alertResult": Array [],
  "code": "is_object(true);",
  "displayResult": Array [],
  "errors": Array [],
  "parsedErrors": "",
  "result": false,
  "resultStatus": "finished",
  "visualiseListResult": Array [],
}
`;

exports[`Builtins work as expected 38: expectResult 1`] = `
Object {
  "alertResult": Array [],
  "code": "is_NaN(1 / 0);",
  "displayResult": Array [],
  "errors": Array [],
  "parsedErrors": "",
  "result": false,
  "resultStatus": "finished",
  "visualiseListResult": Array [],
}
`;

exports[`Builtins work as expected 39: expectResult 1`] = `
Object {
  "alertResult": Array [],
  "code": "is_NaN(NaN);",
  "displayResult": Array [],
  "errors": Array [],
  "parsedErrors": "",
  "result": true,
  "resultStatus": "finished",
  "visualiseListResult": Array [],
}
`;

exports[`Builtins work as expected 40: expectResult 1`] = `
Object {
  "alertResult": Array [],
  "code": "is_NaN(1);",
  "displayResult": Array [],
  "errors": Array [],
  "parsedErrors": "",
  "result": false,
  "resultStatus": "finished",
  "visualiseListResult": Array [],
}
`;

exports[`Builtins work as expected 41: expectResult 1`] = `
Object {
  "alertResult": Array [],
  "code": "is_NaN(x => x);",
  "displayResult": Array [],
  "errors": Array [],
  "parsedErrors": "",
  "result": false,
  "resultStatus": "finished",
  "visualiseListResult": Array [],
}
`;

exports[`Builtins work as expected 42: expectResult 1`] = `
Object {
  "alertResult": Array [],
  "code": "has_own_property({a: 1, b: 2}, 'a');",
  "displayResult": Array [],
  "errors": Array [],
  "parsedErrors": "",
  "result": true,
  "resultStatus": "finished",
  "visualiseListResult": Array [],
}
`;

exports[`Builtins work as expected 43: expectResult 1`] = `
Object {
  "alertResult": Array [],
  "code": "has_own_property({a: 1, b: 2}, 'c');",
  "displayResult": Array [],
  "errors": Array [],
  "parsedErrors": "",
  "result": false,
  "resultStatus": "finished",
  "visualiseListResult": Array [],
}
`;

exports[`Builtins work as expected 44: expectResult 1`] = `
Object {
  "alertResult": Array [],
  "code": "array_length([1]);",
  "displayResult": Array [],
  "errors": Array [],
  "parsedErrors": "",
  "result": 1,
  "resultStatus": "finished",
  "visualiseListResult": Array [],
}
`;

exports[`Builtins work as expected 45: expectResult 1`] = `
Object {
  "alertResult": Array [],
  "code": "parse_int('10', 10);",
  "displayResult": Array [],
  "errors": Array [],
  "parsedErrors": "",
  "result": 10,
  "resultStatus": "finished",
  "visualiseListResult": Array [],
}
`;

exports[`Builtins work as expected 46: expectResult 1`] = `
Object {
  "alertResult": Array [],
  "code": "parse_int('10', 2);",
  "displayResult": Array [],
  "errors": Array [],
  "parsedErrors": "",
  "result": 2,
  "resultStatus": "finished",
  "visualiseListResult": Array [],
}
`;

exports[`Builtins work as expected 47: expectResult 1`] = `
Object {
  "alertResult": Array [],
  "code": "is_number(runtime());",
  "displayResult": Array [],
  "errors": Array [],
  "parsedErrors": "",
  "result": true,
  "resultStatus": "finished",
  "visualiseListResult": Array [],
}
`;

exports[`Builtins work as expected 48: expectResult 1`] = `
Object {
  "alertResult": Array [],
  "code": "const x = runtime();
const f = x => x === 0 ? x : f(x-1);
f(1000);
const y = runtime();
x !== y;",
  "displayResult": Array [],
  "errors": Array [],
  "parsedErrors": "",
  "result": true,
  "resultStatus": "finished",
  "visualiseListResult": Array [],
}
`;

exports[`Builtins work as expected 49: expectResult 1`] = `
Object {
  "alertResult": Array [],
  "code": "pair(1, 2);",
  "displayResult": Array [],
  "errors": Array [],
  "parsedErrors": "",
  "result": Array [
    1,
    2,
  ],
  "resultStatus": "finished",
  "visualiseListResult": Array [],
}
`;

exports[`Builtins work as expected 50: expectResult 1`] = `
Object {
  "alertResult": Array [],
  "code": "list(1, 2);",
  "displayResult": Array [],
  "errors": Array [],
  "parsedErrors": "",
  "result": Array [
    1,
    Array [
      2,
      null,
    ],
  ],
  "resultStatus": "finished",
  "visualiseListResult": Array [],
}
`;

exports[`Builtins work as expected 51: expectResult 1`] = `
Object {
  "alertResult": Array [],
  "code": "is_list(1);",
  "displayResult": Array [],
  "errors": Array [],
  "parsedErrors": "",
  "result": false,
  "resultStatus": "finished",
  "visualiseListResult": Array [],
}
`;

exports[`Builtins work as expected 52: expectResult 1`] = `
Object {
  "alertResult": Array [],
  "code": "is_list(pair(1, 2));",
  "displayResult": Array [],
  "errors": Array [],
  "parsedErrors": "",
  "result": false,
  "resultStatus": "finished",
  "visualiseListResult": Array [],
}
`;

exports[`Builtins work as expected 53: expectResult 1`] = `
Object {
  "alertResult": Array [],
  "code": "is_list(list(1, 2));",
  "displayResult": Array [],
  "errors": Array [],
  "parsedErrors": "",
  "result": true,
  "resultStatus": "finished",
  "visualiseListResult": Array [],
}
`;

exports[`Builtins work as expected 54: expectResult 1`] = `
Object {
  "alertResult": Array [],
  "code": "head(pair(1, 2));",
  "displayResult": Array [],
  "errors": Array [],
  "parsedErrors": "",
  "result": 1,
  "resultStatus": "finished",
  "visualiseListResult": Array [],
}
`;

exports[`Builtins work as expected 55: expectResult 1`] = `
Object {
  "alertResult": Array [],
  "code": "tail(pair(1, 2));",
  "displayResult": Array [],
  "errors": Array [],
  "parsedErrors": "",
  "result": 2,
  "resultStatus": "finished",
  "visualiseListResult": Array [],
}
`;

exports[`Builtins work as expected 56: fails 1`] = `
Object {
  "alertResult": Array [],
  "code": "head(null);",
  "displayResult": Array [],
  "errors": Array [
    ExceptionError {
      "error": [Error: head(xs) expects a pair as argument xs, but encountered null],
      "location": SourceLocation {
        "end": Position {
          "column": 10,
          "line": 1,
        },
        "start": Position {
          "column": 0,
          "line": 1,
        },
      },
      "severity": "Error",
      "type": "Runtime",
    },
  ],
  "parsedErrors": "Line 1: Error: head(xs) expects a pair as argument xs, but encountered null",
  "result": undefined,
  "resultStatus": "error",
  "visualiseListResult": Array [],
}
`;

exports[`Builtins work as expected 57: fails 1`] = `
Object {
  "alertResult": Array [],
  "code": "tail(null);",
  "displayResult": Array [],
  "errors": Array [
    ExceptionError {
      "error": [Error: tail(xs) expects a pair as argument xs, but encountered null],
      "location": SourceLocation {
        "end": Position {
          "column": 10,
          "line": 1,
        },
        "start": Position {
          "column": 0,
          "line": 1,
        },
      },
      "severity": "Error",
      "type": "Runtime",
    },
  ],
  "parsedErrors": "Line 1: Error: tail(xs) expects a pair as argument xs, but encountered null",
  "result": undefined,
  "resultStatus": "error",
  "visualiseListResult": Array [],
}
`;

exports[`Builtins work as expected 58: fails 1`] = `
Object {
  "alertResult": Array [],
  "code": "head(1);",
  "displayResult": Array [],
  "errors": Array [
    ExceptionError {
      "error": [Error: head(xs) expects a pair as argument xs, but encountered 1],
      "location": SourceLocation {
        "end": Position {
          "column": 7,
          "line": 1,
        },
        "start": Position {
          "column": 0,
          "line": 1,
        },
      },
      "severity": "Error",
      "type": "Runtime",
    },
  ],
  "parsedErrors": "Line 1: Error: head(xs) expects a pair as argument xs, but encountered 1",
  "result": undefined,
  "resultStatus": "error",
  "visualiseListResult": Array [],
}
`;

exports[`Builtins work as expected 59: fails 1`] = `
Object {
  "alertResult": Array [],
  "code": "tail(1);",
  "displayResult": Array [],
  "errors": Array [
    ExceptionError {
      "error": [Error: tail(xs) expects a pair as argument xs, but encountered 1],
      "location": SourceLocation {
        "end": Position {
          "column": 7,
          "line": 1,
        },
        "start": Position {
          "column": 0,
          "line": 1,
        },
      },
      "severity": "Error",
      "type": "Runtime",
    },
  ],
  "parsedErrors": "Line 1: Error: tail(xs) expects a pair as argument xs, but encountered 1",
  "result": undefined,
  "resultStatus": "error",
  "visualiseListResult": Array [],
}
`;

exports[`Builtins work as expected 60: expectResult 1`] = `
Object {
  "alertResult": Array [],
  "code": "length(list(1, 2));",
  "displayResult": Array [],
  "errors": Array [],
  "parsedErrors": "",
  "result": 2,
  "resultStatus": "finished",
  "visualiseListResult": Array [],
}
`;

exports[`Builtins work as expected 61: fails 1`] = `
Object {
  "alertResult": Array [],
  "code": "length(1);",
  "displayResult": Array [],
  "errors": Array [
    ExceptionError {
      "error": [Error: tail(xs) expects a pair as argument xs, but encountered 1],
      "location": SourceLocation {
        "end": Position {
          "column": 9,
          "line": 1,
        },
        "start": Position {
          "column": 0,
          "line": 1,
        },
      },
      "severity": "Error",
      "type": "Runtime",
    },
  ],
  "parsedErrors": "Line 1: Error: tail(xs) expects a pair as argument xs, but encountered 1",
  "result": undefined,
  "resultStatus": "error",
  "visualiseListResult": Array [],
}
`;
