// Jest Snapshot v1, https://goo.gl/fbAQLP

exports[`String representation of arrays are nice 1`] = `"[1, \\"true\\", true, () => x]"`;

exports[`String representation of arrow functions are nice 1`] = `"(x, y) => z"`;

exports[`String representation of booleans are nice 1`] = `"\\"true\\""`;

exports[`String representation of builtins are nice 1`] = `
"function pair(x, xs) {
	[implementation hidden]
}"
`;

exports[`String representation of builtins without __SOURCE__ are nice 1`] = `
"function prompt(v) {
	[implementation hidden]
}"
`;

exports[`String representation of empty arrays are nice 1`] = `"[]"`;

exports[`String representation of functions are nice 1`] = `
"function f(x, y) {
  return z;
}"
`;

exports[`String representation of huge lists are nice 1`] = `"[1, [2, [3, [4, [5, [6, [7, [8, [9, [10, [11, [12, [13, [14, [15, [16, [17, [18, [19, [20, [21, [22, [23, [24, [25, [26, [27, [28, [29, [30, [31, [32, [33, [34, [35, [36, [37, [38, [39, [40, [41, [42, [43, [44, [45, [46, [47, [48, [49, [50, [51, [52, [53, [54, [55, [56, [57, [58, [59, [60, [61, [62, [63, [64, [65, [66, [67, [68, [69, [70, [71, [72, [73, [74, [75, [76, [77, [78, [79, [80, [81, [82, [83, [84, [85, [86, [87, [88, [89, [90, [91, [92, [93, [94, [95, [96, [97, [98, [99, [100, [101, ...<truncated>]]]]]]]]]]]]]]]]]]]]]]]]]]]]]]]]]]]]]]]]]]]]]]]]]]]]]]]]]]]]]]]]]]]]]]]]]]]]]]]]]]]]]]]]]]]]]]]]]]]]]"`;

exports[`String representation of lists are nice 1`] = `"[1, [2, [3, [4, [5, [6, [7, [8, [9, [10, null]]]]]]]]]]"`;

exports[`String representation of null is nice 1`] = `"null"`;

exports[`String representation of numbers are nice 1`] = `"0"`;

exports[`String representation of objects are nice 1`] = `"[object Object]"`;

exports[`String representation of strings are nice 1`] = `"\\"a string\\""`;

exports[`String representation of undefined is nice 1`] = `"undefined"`;
