// Jest Snapshot v1, https://goo.gl/fbAQLP

exports[`Test output options ast 1`] = `
"{
  \\"type\\": \\"Program\\",
  \\"start\\": 0,
  \\"end\\": 4,
  \\"loc\\": {
    \\"start\\": {
      \\"line\\": 1,
      \\"column\\": 0
    },
    \\"end\\": {
      \\"line\\": 1,
      \\"column\\": 4
    }
  },
  \\"body\\": [
    {
      \\"type\\": \\"ExpressionStatement\\",
      \\"start\\": 0,
      \\"end\\": 4,
      \\"loc\\": {
        \\"start\\": {
          \\"line\\": 1,
          \\"column\\": 0
        },
        \\"end\\": {
          \\"line\\": 1,
          \\"column\\": 4
        }
      },
      \\"expression\\": {
        \\"type\\": \\"BinaryExpression\\",
        \\"start\\": 0,
        \\"end\\": 3,
        \\"loc\\": {
          \\"start\\": {
            \\"line\\": 1,
            \\"column\\": 0
          },
          \\"end\\": {
            \\"line\\": 1,
            \\"column\\": 3
          }
        },
        \\"left\\": {
          \\"type\\": \\"Literal\\",
          \\"start\\": 0,
          \\"end\\": 1,
          \\"loc\\": {
            \\"start\\": {
              \\"line\\": 1,
              \\"column\\": 0
            },
            \\"end\\": {
              \\"line\\": 1,
              \\"column\\": 1
            }
          },
          \\"value\\": 1,
          \\"raw\\": \\"1\\"
        },
        \\"operator\\": \\"+\\",
        \\"right\\": {
          \\"type\\": \\"Literal\\",
          \\"start\\": 2,
          \\"end\\": 3,
          \\"loc\\": {
            \\"start\\": {
              \\"line\\": 1,
              \\"column\\": 2
            },
            \\"end\\": {
              \\"line\\": 1,
              \\"column\\": 3
            }
          },
          \\"value\\": 1,
          \\"raw\\": \\"1\\"
        }
      }
    }
  ],
  \\"sourceType\\": \\"module\\"
}"
`;

exports[`Test output options binary 1`] = `
Uint8Array [
  173,
  172,
  5,
  80,
  0,
  0,
  0,
  0,
  16,
  0,
  0,
  0,
  0,
  0,
  0,
  0,
  2,
  0,
  0,
  0,
  2,
  1,
  0,
  0,
  0,
  2,
  1,
  0,
  0,
  0,
  17,
  70,
]
`;

exports[`Test output options debug 1`] = `
"Entry function: 0
#0:
Stack Size: 2
Env Size: 0
Num Args: 0
0: LGCI   1
1: LGCI   1
2: ADDG  
3: RETG"
`;

exports[`Test output options json 1`] = `"[0,[[2,0,0,[[2,1],[2,1],[17],[70]]]]]"`;
