// Jest Snapshot v1, https://goo.gl/fbAQLP

exports[`tokenize prints suitable error when tokenization fails: expectParsedError 1`] = `
Object {
  "alertResult": Array [],
  "code": "display_list(tokenize(\\"\\\\\\"\\"));",
  "displayResult": Array [],
  "numErrors": 1,
  "parsedErrors": "Line 1: SyntaxError: Unterminated string constant (1:0)",
  "result": undefined,
  "resultStatus": "error",
  "visualiseListResult": Array [],
}
`;

exports[`tokenize works even with parse errors: expectDisplayResult 1`] = `
Object {
  "alertResult": Array [],
  "code": "display_list(tokenize(\\"function f(x) {\\\\n;;;;;;;\\"));",
  "displayResult": Array [
    "list(\\"function\\", \\"f\\", \\"(\\", \\"x\\", \\")\\", \\"{\\", \\";\\", \\";\\", \\";\\", \\";\\", \\";\\", \\";\\", \\";\\")",
  ],
  "numErrors": 0,
  "parsedErrors": "",
  "result": Array [
    "function",
    Array [
      "f",
      Array [
        "(",
        Array [
          "x",
          Array [
            ")",
            Array [
              "{",
              Array [
                ";",
                Array [
                  ";",
                  Array [
                    ";",
                    Array [
                      ";",
                      Array [
                        ";",
                        Array [
                          ";",
                          Array [
                            ";",
                            null,
                          ],
                        ],
                      ],
                    ],
                  ],
                ],
              ],
            ],
          ],
        ],
      ],
    ],
  ],
  "resultStatus": "finished",
  "visualiseListResult": Array [],
}
`;

exports[`tokenize works for a good program: expectDisplayResult 1`] = `
Object {
  "alertResult": Array [],
  "code": "display_list(tokenize(\\"function f(x) {\\\\n  const y = x + x + x + \\\\\\"123\\\\\\";\\\\n  return z => (a, b) => {\\\\n    let w = z + 1;\\\\n    return y;\\\\n  };\\\\n}\\\\nf(\\\\\\"55\\\\\\");\\"));",
  "displayResult": Array [
    "list(\\"function\\",
     \\"f\\",
     \\"(\\",
     \\"x\\",
     \\")\\",
     \\"{\\",
     \\"const\\",
     \\"y\\",
     \\"=\\",
     \\"x\\",
     \\"+\\",
     \\"x\\",
     \\"+\\",
     \\"x\\",
     \\"+\\",
     \\"\\\\\\"123\\\\\\"\\",
     \\";\\",
     \\"return\\",
     \\"z\\",
     \\"=>\\",
     \\"(\\",
     \\"a\\",
     \\",\\",
     \\"b\\",
     \\")\\",
     \\"=>\\",
     \\"{\\",
     \\"let\\",
     \\"w\\",
     \\"=\\",
     \\"z\\",
     \\"+\\",
     \\"1\\",
     \\";\\",
     \\"return\\",
     \\"y\\",
     \\";\\",
     \\"}\\",
     \\";\\",
     \\"}\\",
     \\"f\\",
     \\"(\\",
     \\"\\\\\\"55\\\\\\"\\",
     \\")\\",
     \\";\\")",
  ],
  "numErrors": 0,
  "parsedErrors": "",
  "result": Array [
    "function",
    Array [
      "f",
      Array [
        "(",
        Array [
          "x",
          Array [
            ")",
            Array [
              "{",
              Array [
                "const",
                Array [
                  "y",
                  Array [
                    "=",
                    Array [
                      "x",
                      Array [
                        "+",
                        Array [
                          "x",
                          Array [
                            "+",
                            Array [
                              "x",
                              Array [
                                "+",
                                Array [
                                  "\\"123\\"",
                                  Array [
                                    ";",
                                    Array [
                                      "return",
                                      Array [
                                        "z",
                                        Array [
                                          "=>",
                                          Array [
                                            "(",
                                            Array [
                                              "a",
                                              Array [
                                                ",",
                                                Array [
                                                  "b",
                                                  Array [
                                                    ")",
                                                    Array [
                                                      "=>",
                                                      Array [
                                                        "{",
                                                        Array [
                                                          "let",
                                                          Array [
                                                            "w",
                                                            Array [
                                                              "=",
                                                              Array [
                                                                "z",
                                                                Array [
                                                                  "+",
                                                                  Array [
                                                                    "1",
                                                                    Array [
                                                                      ";",
                                                                      Array [
                                                                        "return",
                                                                        Array [
                                                                          "y",
                                                                          Array [
                                                                            ";",
                                                                            Array [
                                                                              "}",
                                                                              Array [
                                                                                ";",
                                                                                Array [
                                                                                  "}",
                                                                                  Array [
                                                                                    "f",
                                                                                    Array [
                                                                                      "(",
                                                                                      Array [
                                                                                        "\\"55\\"",
                                                                                        Array [
                                                                                          ")",
                                                                                          Array [
                                                                                            ";",
                                                                                            null,
                                                                                          ],
                                                                                        ],
                                                                                      ],
                                                                                    ],
                                                                                  ],
                                                                                ],
                                                                              ],
                                                                            ],
                                                                          ],
                                                                        ],
                                                                      ],
                                                                    ],
                                                                  ],
                                                                ],
                                                              ],
                                                            ],
                                                          ],
                                                        ],
                                                      ],
                                                    ],
                                                  ],
                                                ],
                                              ],
                                            ],
                                          ],
                                        ],
                                      ],
                                    ],
                                  ],
                                ],
                              ],
                            ],
                          ],
                        ],
                      ],
                    ],
                  ],
                ],
              ],
            ],
          ],
        ],
      ],
    ],
  ],
  "resultStatus": "finished",
  "visualiseListResult": Array [],
}
`;
