// Jest Snapshot v1, https://goo.gl/fbAQLP

exports[`Expressions No extra step for UnaryExpression 1`] = `"-(1 + 2);-(1 + 2);-3;-3;"`;
